node.exe :  ÔÜá Linting is disabled
At line:1 char:1
+ & "C:\Program Files\nodejs/node.exe" "C:\Program Files\nodejs/node_mo ...
+ ~~~~~~~~~~~~~~~~~~~~~~~~~~~~~~~~~~~~~~~~~~~~~~~~~~~~~~~~~~~~~~~~~~~~~
    + CategoryInfo          : NotSpecified: ( ÔÜá Linting is disabled:Strin 
   g) [], RemoteException
    + FullyQualifiedErrorId : NativeCommandError
 
   Ôû▓ Next.js 14.1.0
   - Environments: .env.local

   Creating an optimized production build ...
 Ô£ô Compiled successfully
   Skipping validation of types
   Collecting page data ...
Error: export const dynamic = "force-dynamic" on page "/api/songs/lyrics" 
cannot be used with "output: export". See more info here: 
https://nextjs.org/docs/advanced-features/static-html-export
    at new eI (C:\Users\MICHAEL\Scale AX W.Space1 (DOE)\webapp\church-projec
tor\node_modules\next\dist\compiled\next-server\app-route.runtime.prod.js:6:
31986)
    at 6393 (C:\Users\MICHAEL\Scale AX W.Space1 (DOE)\webapp\church-projecto
r\.next\server\app\api\songs\lyrics\route.js:1:1173)
    at t (C:\Users\MICHAEL\Scale AX W.Space1 
(DOE)\webapp\church-projector\.next\server\webpack-runtime.js:1:127)
    at r (C:\Users\MICHAEL\Scale AX W.Space1 (DOE)\webapp\church-projector\.
next\server\app\api\songs\lyrics\route.js:1:1802)
    at C:\Users\MICHAEL\Scale AX W.Space1 (DOE)\webapp\church-projector\.nex
t\server\app\api\songs\lyrics\route.js:1:1833
    at t.X (C:\Users\MICHAEL\Scale AX W.Space1 
(DOE)\webapp\church-projector\.next\server\webpack-runtime.js:1:1191)
    at C:\Users\MICHAEL\Scale AX W.Space1 (DOE)\webapp\church-projector\.nex
t\server\app\api\songs\lyrics\route.js:1:1815
    at Object.<anonymous> (C:\Users\MICHAEL\Scale AX W.Space1 (DOE)\webapp\c
hurch-projector\.next\server\app\api\songs\lyrics\route.js:1:1860)
    at Module._compile (node:internal/modules/cjs/loader:1761:14)
    at Object..js (node:internal/modules/cjs/loader:1893:10)
Error: export const dynamic = "force-dynamic" on page "/api/verse-lookup" 
cannot be used with "output: export". See more info here: 
https://nextjs.org/docs/advanced-features/static-html-export
    at new eI (C:\Users\MICHAEL\Scale AX W.Space1 (DOE)\webapp\church-projec
tor\node_modules\next\dist\compiled\next-server\app-route.runtime.prod.js:6:
31986)
    at 9080 (C:\Users\MICHAEL\Scale AX W.Space1 (DOE)\webapp\church-projecto
r\.next\server\app\api\verse-lookup\route.js:1:1169)
    at t (C:\Users\MICHAEL\Scale AX W.Space1 
(DOE)\webapp\church-projector\.next\server\webpack-runtime.js:1:127)
    at r (C:\Users\MICHAEL\Scale AX W.Space1 (DOE)\webapp\church-projector\.
next\server\app\api\verse-lookup\route.js:1:1794)
    at C:\Users\MICHAEL\Scale AX W.Space1 (DOE)\webapp\church-projector\.nex
t\server\app\api\verse-lookup\route.js:1:1825
    at t.X (C:\Users\MICHAEL\Scale AX W.Space1 
(DOE)\webapp\church-projector\.next\server\webpack-runtime.js:1:1191)
    at C:\Users\MICHAEL\Scale AX W.Space1 (DOE)\webapp\church-projector\.nex
t\server\app\api\verse-lookup\route.js:1:1807
    at Object.<anonymous> (C:\Users\MICHAEL\Scale AX W.Space1 (DOE)\webapp\c
hurch-projector\.next\server\app\api\verse-lookup\route.js:1:1852)
    at Module._compile (node:internal/modules/cjs/loader:1761:14)
    at Object..js (node:internal/modules/cjs/loader:1893:10)

> Build error occurred
Error: Failed to collect page data for /api/verse-lookup
    at C:\Users\MICHAEL\Scale AX W.Space1 
(DOE)\webapp\church-projector\node_modules\next\dist\build\utils.js:1258:15
    at process.processTicksAndRejections 
(node:internal/process/task_queues:103:5) {
  type: 'Error'
}
